=== BETTING SYSTEM TEST ===

=== TESTING WITH BETTINGSYSTEM DIRECTLY ===

=== Input 1 ===
Period: D
Lottery Types: M, P, T, S
Bets:
  Number: 1234
    Big (B): 1
    Small (S): 1
    4A: 1
    4B: 1
    4C: 1
Total Amount: 20.00
Total Amount: 20
Periods: 1
Lottery Types: M, P, T, S

=== Input 2 ===
Period: D2
Lottery Types: M
Bets:
  Number: 1234
    Big (B): 1
    Small (S): 1
Total Amount: 4.00
Total Amount: 4
Periods: 2
Lottery Types: M

=== Input 3 ===
Period: D3
Lottery Types: M, P
Bets:
  Number: 1234
    Small (S): 1
    4B: 1
Total Amount: 12.00
Total Amount: 12
Periods: 3
Lottery Types: M, P

=== TESTING WITH BETPARSER ===

=== Input 1 ===
Valid: Yes
Total: 20
Items: 5

Item 1:
  Type: bet
  Number: 1234
  Bet Type: σñº
  Lottery Types: 1, 2, 3, 4
  Periods: 1
  Amount: 4
  Description: 1234 - σñº

Item 2:
  Type: bet
  Number: 1234
  Bet Type: σ░Å
  Lottery Types: 1, 2, 3, 4
  Periods: 1
  Amount: 4
  Description: 1234 - σ░Å

Item 3:
  Type: bet
  Number: 1234
  Bet Type: 4A
  Lottery Types: 1, 2, 3, 4
  Periods: 1
  Amount: 4
  Description: 1234 - 4A

Item 4:
  Type: bet
  Number: 1234
  Bet Type: 4B
  Lottery Types: 1, 2, 3, 4
  Periods: 1
  Amount: 4
  Description: 1234 - 4B

Item 5:
  Type: bet
  Number: 1234
  Bet Type: 4C
  Lottery Types: 1, 2, 3, 4
  Periods: 1
  Amount: 4
  Description: 1234 - 4C


=== Input 2 ===
Valid: Yes
Total: 4
Items: 2

Item 1:
  Type: bet
  Number: 1234
  Bet Type: σñº
  Lottery Types: 1
  Periods: 2
  Amount: 2
  Description: 1234 - σñº (D2)

Item 2:
  Type: bet
  Number: 1234
  Bet Type: σ░Å
  Lottery Types: 1
  Periods: 2
  Amount: 2
  Description: 1234 - σ░Å (D2)


=== Input 3 ===
Valid: Yes
Total: 12
Items: 2

Item 1:
  Type: bet
  Number: 1234
  Bet Type: σ░Å
  Lottery Types: 1, 2
  Periods: 3
  Amount: 6
  Description: 1234 - σ░Å (D3)

Item 2:
  Type: bet
  Number: 1234
  Bet Type: 4B
  Lottery Types: 1, 2
  Periods: 3
  Amount: 6
  Description: 1234 - 4B (D3)


